../Core/Src/main.c:81:5:main	48	static
../Core/Src/main.c:182:6:SystemClock_Config	88	static
../Core/Src/main.c:229:13:MX_ADC1_Init	56	static
../Core/Src/main.c:297:13:MX_ADC2_Init	40	static
../Core/Src/main.c:356:13:MX_TIM2_Init	64	static
../Core/Src/main.c:415:13:MX_TIM3_Init	64	static
../Core/Src/main.c:474:13:MX_USART2_UART_Init	8	static
../Core/Src/main.c:522:13:MX_GPIO_Init	40	static
../Core/Src/main.c:563:6:UART_PRINT_VAL	88	static
../Core/Src/main.c:574:6:UART_PRINT_TEXT	16	static
../Core/Src/main.c:583:6:Error_Handler	4	static,ignoring_inline_asm
