../Core/Src/main.c:79:5:main	40	static
../Core/Src/main.c:171:6:SystemClock_Config	88	static
../Core/Src/main.c:218:13:MX_ADC1_Init	56	static
../Core/Src/main.c:286:13:MX_ADC2_Init	40	static
../Core/Src/main.c:345:13:MX_TIM2_Init	64	static
../Core/Src/main.c:404:13:MX_USART2_UART_Init	8	static
../Core/Src/main.c:452:13:MX_GPIO_Init	40	static
../Core/Src/main.c:493:6:UART_PRINT_VAL	88	static
../Core/Src/main.c:504:6:UART_PRINT_TEXT	16	static
../Core/Src/main.c:513:6:Error_Handler	4	static,ignoring_inline_asm
