../Core/Src/main.c:80:5:main	56	static
../Core/Src/main.c:172:6:SystemClock_Config	88	static
../Core/Src/main.c:219:13:MX_ADC1_Init	56	static
../Core/Src/main.c:287:13:MX_ADC2_Init	40	static
../Core/Src/main.c:346:13:MX_TIM1_Init	104	static
../Core/Src/main.c:418:13:MX_TIM2_Init	48	static
../Core/Src/main.c:467:13:MX_USART2_UART_Init	8	static
../Core/Src/main.c:515:13:MX_GPIO_Init	40	static
../Core/Src/main.c:540:6:UART_PRINT_VAL	96	static
../Core/Src/main.c:557:6:UART_PRINT_TEXT	16	static
../Core/Src/main.c:566:6:Error_Handler	4	static,ignoring_inline_asm
