../Core/Src/main.c:80:5:main	56	static
../Core/Src/main.c:191:6:SystemClock_Config	88	static
../Core/Src/main.c:238:13:MX_ADC1_Init	56	static
../Core/Src/main.c:306:13:MX_ADC2_Init	40	static
../Core/Src/main.c:365:13:MX_TIM1_Init	104	static
../Core/Src/main.c:437:13:MX_TIM2_Init	48	static
../Core/Src/main.c:486:13:MX_USART2_UART_Init	8	static
../Core/Src/main.c:534:13:MX_GPIO_Init	40	static
../Core/Src/main.c:569:6:UART_PRINT_VAL	96	static
../Core/Src/main.c:586:6:UART_PRINT_TEXT	16	static
../Core/Src/main.c:595:6:Error_Handler	4	static,ignoring_inline_asm
